[23:17:10] [ServerMain/INFO]: [bootstrap] Running Java 21 (Java HotSpot(TM) 64-Bit Server VM 21.0.9+7-LTS-338; Oracle Corporation null) on Windows 11 10.0 (amd64)
[23:17:10] [ServerMain/INFO]: [bootstrap] Loading Paper 1.21-130-master@b1b5d4c (2024-08-10T10:02:42Z) for Minecraft 1.21
[23:17:11] [ServerMain/INFO]: [PluginInitializerManager] Initializing plugins...
[23:17:11] [ServerMain/INFO]: [PluginInitializerManager] Initialized 1 plugin
[23:17:11] [ServerMain/INFO]: [PluginInitializerManager] Bukkit plugins (1):
 - LobbyCore (1.0.0)
[23:17:15] [ServerMain/INFO]: Environment: Environment[sessionHost=https://sessionserver.mojang.com, servicesHost=https://api.minecraftservices.com, name=PROD]
[23:17:17] [ServerMain/INFO]: Loaded 1290 recipes
[23:17:17] [ServerMain/INFO]: Loaded 1399 advancements
[23:17:17] [Server thread/INFO]: Starting minecraft server version 1.21
[23:17:17] [Server thread/INFO]: Loading properties
[23:17:17] [Server thread/INFO]: This server is running Paper version 1.21-130-master@b1b5d4c (2024-08-10T10:02:42Z) (Implementing API version 1.21-R0.1-SNAPSHOT)
[23:17:18] [Server thread/INFO]: [spark] This server bundles the spark profiler. For more information please visit https://docs.papermc.io/paper/profiling
[23:17:18] [Server thread/INFO]: Server Ping Player Sample Count: 12
[23:17:18] [Server thread/INFO]: Using 4 threads for Netty based IO
[23:17:19] [Server thread/INFO]: [ChunkTaskScheduler] Chunk system is using 1 I/O threads, 3 worker threads, and population gen parallelism of 3 threads
[23:17:19] [Server thread/INFO]: Default game type: ADVENTURE
[23:17:19] [Server thread/INFO]: Generating keypair
[23:17:19] [Server thread/INFO]: Starting Minecraft server on *:25566
[23:17:19] [Server thread/INFO]: Using default channel type
[23:17:19] [Server thread/INFO]: Paper: Using Java compression from Velocity.
[23:17:19] [Server thread/INFO]: Paper: Using Java cipher from Velocity.
[23:17:20] [Server thread/INFO]: [LobbyCore] Loading server plugin LobbyCore v1.0.0
[23:17:20] [Server thread/INFO]: Server permissions file permissions.yml is empty, ignoring it
[23:17:20] [Server thread/WARN]: **** SERVER IS RUNNING IN OFFLINE/INSECURE MODE!
[23:17:20] [Server thread/WARN]: The server will make no attempt to authenticate usernames. Beware.
[23:17:20] [Server thread/WARN]: Whilst this makes it possible to use BungeeCord, unless access to your server is properly restricted, it also opens up the ability for hackers to connect with any username they choose.
[23:17:20] [Server thread/WARN]: Please see http://www.spigotmc.org/wiki/firewall-guide/ for further information.
[23:17:20] [Server thread/WARN]: To change this, set "online-mode" to "true" in the server.properties file.
[23:17:20] [Server thread/INFO]: Preparing level "world"
[23:17:20] [Server thread/INFO]: Preparing start region for dimension minecraft:overworld
[23:17:21] [Server thread/INFO]: Time elapsed: 1104 ms
[23:17:21] [Server thread/INFO]: Preparing start region for dimension minecraft:the_nether
[23:17:22] [Server thread/INFO]: Time elapsed: 425 ms
[23:17:22] [Server thread/INFO]: Preparing start region for dimension minecraft:the_end
[23:17:22] [Server thread/INFO]: Time elapsed: 484 ms
[23:17:22] [Server thread/INFO]: [LobbyCore] Enabling LobbyCore v1.0.0
[23:17:22] [Server thread/INFO]: [LobbyCore] §a[LobbyCore] Plugin habilitado correctamente!
[23:17:22] [Server thread/INFO]: [spark] Starting background profiler...
[23:17:22] [Server thread/INFO]: [spark] The async-profiler engine is not supported for your os/arch (windows11/amd64), so the built-in Java engine will be used instead.
[23:17:22] [Server thread/INFO]: Done preparing level "world" (2.787s)
[23:17:22] [Server thread/INFO]: Running delayed init tasks
[23:17:22] [Server thread/INFO]: Done (14.059s)! For help, type "help"
[23:17:22] [Server thread/INFO]: Timings Reset
[23:17:24] [Server thread/INFO]: [LobbyCore] NPC real spawneado: 420 (skin: coldifield)
[23:17:26] [User Authenticator #0/INFO]: UUID of player plexzydev is 234271b8-dee9-3563-97bb-77710c59ce0f
[23:17:27] [Server thread/INFO]: [+] plexzydev se ha conectado
[23:17:28] [Server thread/INFO]: plexzydev[/127.0.0.1:61574] logged in with entity id 16 at ([world]-2.455103411485913, -59.0, 25.85935442440655)
[23:17:43] [Server thread/INFO]: plexzydev issued server command: /login 31243124
[23:21:41] [Server thread/INFO]: plexzydev lost connection: Disconnected
[23:21:41] [Server thread/INFO]: [-] plexzydev se ha desconectado
