[22:51:31] [ServerMain/INFO]: [bootstrap] Running Java 21 (Java HotSpot(TM) 64-Bit Server VM 21.0.9+7-LTS-338; Oracle Corporation null) on Windows 11 10.0 (amd64)
[22:51:31] [ServerMain/INFO]: [bootstrap] Loading Paper 1.21-130-master@b1b5d4c (2024-08-10T10:02:42Z) for Minecraft 1.21
[22:51:33] [ServerMain/INFO]: [PluginInitializerManager] Initializing plugins...
[22:51:33] [ServerMain/INFO]: [PluginInitializerManager] Initialized 1 plugin
[22:51:33] [ServerMain/INFO]: [PluginInitializerManager] Bukkit plugins (1):
 - PrisonGens (1.0.0)
[22:51:40] [ServerMain/INFO]: Environment: Environment[sessionHost=https://sessionserver.mojang.com, servicesHost=https://api.minecraftservices.com, name=PROD]
[22:51:43] [ServerMain/INFO]: Loaded 1290 recipes
[22:51:43] [ServerMain/INFO]: Loaded 1399 advancements
[22:51:43] [Server thread/INFO]: Starting minecraft server version 1.21
[22:51:43] [Server thread/INFO]: Loading properties
[22:51:43] [Server thread/INFO]: This server is running Paper version 1.21-130-master@b1b5d4c (2024-08-10T10:02:42Z) (Implementing API version 1.21-R0.1-SNAPSHOT)
[22:51:45] [Server thread/INFO]: [spark] This server bundles the spark profiler. For more information please visit https://docs.papermc.io/paper/profiling
[22:51:45] [Server thread/INFO]: Using 4 threads for Netty based IO
[22:51:45] [Server thread/INFO]: Server Ping Player Sample Count: 12
[22:51:46] [Server thread/INFO]: [ChunkTaskScheduler] Chunk system is using 1 I/O threads, 3 worker threads, and population gen parallelism of 3 threads
[22:51:46] [Server thread/INFO]: Default game type: SURVIVAL
[22:51:46] [Server thread/INFO]: Generating keypair
[22:51:46] [Server thread/INFO]: Starting Minecraft server on *:25567
[22:51:46] [Server thread/INFO]: Using default channel type
[22:51:46] [Server thread/INFO]: Paper: Using Java compression from Velocity.
[22:51:46] [Server thread/INFO]: Paper: Using Java cipher from Velocity.
[22:51:46] [Server thread/INFO]: [PrisonGens] Loading server plugin PrisonGens v1.0.0
[22:51:46] [Server thread/INFO]: Server permissions file permissions.yml is empty, ignoring it
[22:51:46] [Server thread/WARN]: **** SERVER IS RUNNING IN OFFLINE/INSECURE MODE!
[22:51:46] [Server thread/WARN]: The server will make no attempt to authenticate usernames. Beware.
[22:51:46] [Server thread/WARN]: Whilst this makes it possible to use BungeeCord, unless access to your server is properly restricted, it also opens up the ability for hackers to connect with any username they choose.
[22:51:46] [Server thread/WARN]: Please see http://www.spigotmc.org/wiki/firewall-guide/ for further information.
[22:51:46] [Server thread/WARN]: To change this, set "online-mode" to "true" in the server.properties file.
[22:51:46] [Server thread/INFO]: Preparing level "world"
[22:51:47] [Server thread/INFO]: Preparing start region for dimension minecraft:overworld
[22:51:48] [Server thread/INFO]: Time elapsed: 1278 ms
[22:51:48] [Server thread/INFO]: Preparing start region for dimension minecraft:the_nether
[22:51:49] [Server thread/INFO]: Time elapsed: 181 ms
[22:51:49] [Server thread/INFO]: Preparing start region for dimension minecraft:the_end
[22:51:49] [Server thread/INFO]: Time elapsed: 185 ms
[22:51:49] [Server thread/INFO]: [PrisonGens] Enabling PrisonGens v1.0.0
[22:51:49] [Server thread/INFO]: Preparing start region for dimension minecraft:prisongens_islands
[22:51:49] [Server thread/INFO]: Time elapsed: 115 ms
[22:51:49] [Server thread/INFO]: [PrisonGens] [IslandManager] Mundo void creado: prisongens_islands
[22:51:49] [Server thread/INFO]: [PrisonGens] §a[PrisonGens] Plugin activado correctamente.
[22:51:49] [Server thread/INFO]: [spark] Starting background profiler...
[22:51:49] [Server thread/INFO]: [spark] The async-profiler engine is not supported for your os/arch (windows11/amd64), so the built-in Java engine will be used instead.
[22:51:49] [Server thread/INFO]: Done preparing level "world" (2.956s)
[22:51:49] [Server thread/INFO]: Running delayed init tasks
[22:51:49] [Server thread/INFO]: Done (19.759s)! For help, type "help"
[22:51:49] [Server thread/INFO]: Timings Reset
[22:52:28] [User Authenticator #0/INFO]: UUID of player plexzydev is 234271b8-dee9-3563-97bb-77710c59ce0f
[22:52:30] [Server thread/INFO]: plexzydev[/127.0.0.1:53018] logged in with entity id 19 at ([prisongens_islands]0.5, 101.0, 0.5)
[22:52:44] [Server thread/INFO]: plexzydev issued server command: /gamemode survival
[22:52:56] [Server thread/INFO]: plexzydev issued server command: /economy
[22:53:03] [Server thread/INFO]: plexzydev issued server command: /economy give plexzydev tokens 10000
[22:53:11] [Server thread/INFO]: plexzydev issued server command: /economy give plexzydev tokens 100000
[22:53:48] [Server thread/INFO]: plexzydev issued server command: /economy give plexzydev tokens 100000
[22:53:57] [Server thread/INFO]: plexzydev issued server command: /gamemode creative
[22:54:02] [Server thread/INFO]: plexzydev issued server command: /sell all
[22:54:05] [Server thread/INFO]: plexzydev issued server command: /gamemode survival
[22:54:09] [Server thread/INFO]: plexzydev issued server command: /gens
[22:54:11] [Server thread/INFO]: plexzydev issued server command: /is delete
[22:54:13] [Server thread/INFO]: plexzydev issued server command: /is create
[22:54:14] [Server thread/INFO]: plexzydev issued server command: /is create TAG
[22:54:28] [Server thread/INFO]: plexzydev issued server command: /economy give money plexzydev 1000000
[22:54:38] [Server thread/INFO]: plexzydev issued server command: /economy give plexzydev moneyt 100000
[22:54:41] [Server thread/INFO]: plexzydev issued server command: /economy give plexzydev money 100000
[22:54:50] [Server thread/INFO]: plexzydev issued server command: /economy give plexzydev money 1000000
[22:54:56] [Server thread/INFO]: plexzydev issued server command: /is settings
[22:55:14] [Server thread/INFO]: plexzydev issued server command: /economy give plexzydev tokens 1000000
[22:55:27] [Server thread/INFO]: plexzydev issued server command: /economy give plexzydev tokens 1000000
[22:55:36] [Server thread/INFO]: plexzydev issued server command: /gamemode creative
[22:55:39] [Server thread/INFO]: plexzydev issued server command: /gamemode survival
[22:56:45] [Server thread/INFO]: plexzydev issued server command: /is
[22:56:47] [Server thread/INFO]: plexzydev issued server command: /is HOME
[22:56:47] [Server thread/WARN]: plexzydev moved too quickly! -7.939571677670182,15.0,1.5263809334421223
[23:07:23] [Server thread/INFO]: plexzydev issued server command: /gamemode creative
[23:07:38] [Server thread/INFO]: plexzydev issued server command: /gamemode survival
[23:08:45] [Server thread/INFO]: plexzydev issued server command: /gamemode creative
[23:09:29] [Server thread/INFO]: plexzydev issued server command: /lobby
[23:15:46] [Server thread/INFO]: plexzydev lost connection: Disconnected
[23:21:41] [User Authenticator #1/INFO]: UUID of player plexzydev is 234271b8-dee9-3563-97bb-77710c59ce0f
[23:21:42] [Server thread/INFO]: plexzydev[/127.0.0.1:60962] logged in with entity id 25 at ([prisongens_islands]0.5, 101.0, 0.5)
[23:21:50] [Server thread/INFO]: plexzydev issued server command: /gamemode creative
[23:22:09] [Server thread/INFO]: plexzydev issued server command: /gamemode survival
[23:22:28] [Server thread/INFO]: plexzydev issued server command: /gamemode creative
[23:24:16] [Server thread/INFO]: plexzydev issued server command: /is settings
[23:24:20] [Server thread/INFO]: plexzydev issued server command: /is settings
[23:24:22] [Server thread/INFO]: plexzydev issued server command: /is settings
[23:24:23] [Server thread/INFO]: plexzydev issued server command: /is settings
[23:24:24] [Server thread/INFO]: plexzydev issued server command: /is settings
[23:24:26] [Server thread/INFO]: plexzydev issued server command: /is settings
[23:24:34] [Server thread/INFO]: plexzydev issued server command: /gamemode survival
[23:24:46] [Server thread/INFO]: plexzydev issued server command: /gamemode creative
[23:24:49] [Server thread/INFO]: plexzydev issued server command: /is settings
[23:24:58] [Server thread/INFO]: plexzydev issued server command: /is settings
[23:26:29] [Server thread/INFO]: plexzydev issued server command: /gamemode survival
[23:27:30] [Server thread/INFO]: plexzydev issued server command: /gamemode creative
[23:31:34] [Server thread/INFO]: plexzydev lost connection: Disconnected
